<html>
<body>
<pre>
<h1>礦ision Build Log</h1>
<h2>Project:</h2>
E:\学习\四轴\fly-to-sky\20171022四轴程序\四轴fly.uvprojx
Project File Date:  02/21/2019

<h2>Output:</h2>
Rebuild target 'Target'
compiling main.c...
compiling stm32f10x_it.c...
compiling public.c...
compiling core_cm3.c...
compiling system_stm32f10x.c...
assembling startup_stm32f10x_md.s...
compiling stm32f10x_gpio.c...
compiling stm32f10x_rcc.c...
compiling stm32f10x_exti.c...
compiling misc.c...
compiling stm32f10x_tim.c...
compiling stm32f10x_usart.c...
compiling inv_mpu.c...
compiling inv_mpu_dmp_motion_driver.c...
compiling stm32f10x_adc.c...
compiling LED.c...
APP\LED.c(42): warning:  #223-D: function "delay" declared implicitly
                delay(2000000);   
APP\LED.c: 1 warning, 0 errors
compiling systick.c...
compiling exti.c...
compiling timer3.c...
compiling PWM.c...
compiling USART.c...
compiling mpu6050.c...
compiling mpuiic.c...
compiling motorc.c...
compiling adc.c...
linking...
Program Size: Code=24084 RO-data=3652 RW-data=104 ZI-data=1840  
FromELF: creating hex file...
".\output\sizhou.axf" - 0 Error(s), 1 Warning(s).

<h2>Software Packages used:</h2>

Package Vendor: ARM
                http://www.keil.com/pack/ARM.CMSIS.4.1.0.pack
                ARM::CMSIS:CORE:3.30.0
                CMSIS (Cortex Microcontroller Software Interface Standard)
   * Component: CORE Version: 3.30.0

<h2>Collection of Component include folders:</h2>
  E:\学习\四轴\fly-to-sky\20171022四轴程序\RTE
  C:\Program Files (x86)\KEIL511\ARM\PACK\ARM\CMSIS\4.1.0\CMSIS\Include
  C:\Program Files (x86)\KEIL511\ARM\PACK\Keil\STM32F1xx_DFP\2.1.0

<h2>Collection of Component Files used:</h2>

   * Component: ARM::CMSIS:CORE:3.30.0
      Source file:   CMSIS\UserCodeTemplates\ARM\ITM_Retarget.c
Load "E:\\学习\\四轴\\fly-to-sky\\20171022四轴程序\\output\\sizhou.axf" 
Erase Done.
Programming Done.
Verify OK.
CodeTemplates\ARM\ITM_Retarget.c
Load "E:\\学习\\四轴\\fly-to-sky\\20171022四轴程序\\output\\sizhou.axf" 
Erase Done.
Programming Done.
Verify OK.
