<html>
<body>
<pre>
<h1>礦ision Build Log</h1>
<h2>Project:</h2>
E:\学习\四轴\四轴编程\20171022四轴程序-MPU+I2C+串口+LED闪烁+PWM-\四轴fly.uvproj
Project File Date:  10/25/2017

<h2>Output:</h2>
Build target 'Target'
compiling main.c...
user\main.c(16): warning:  #177-D: variable "roll" was declared but never referenced
user\main.c:    float pitch=0,roll=0,yaw=0;             //欧拉角
user\main.c:                  ^
user\main.c(16): warning:  #177-D: variable "yaw" was declared but never referenced
user\main.c:    float pitch=0,roll=0,yaw=0;             //欧拉角
user\main.c:                         ^
user\main.c: user\main.c: 2 warnings, 0 errors
compiling stm32f10x_it.c...
compiling public.c...
compiling core_cm3.c...
compiling system_stm32f10x.c...
assembling startup_stm32f10x_md.s...
compiling stm32f10x_gpio.c...
compiling stm32f10x_rcc.c...
compiling stm32f10x_exti.c...
compiling misc.c...
compiling stm32f10x_tim.c...
compiling stm32f10x_usart.c...
compiling inv_mpu.c...
compiling inv_mpu_dmp_motion_driver.c...
compiling LED.c...
compiling systick.c...
compiling exti.c...
compiling timer3.c...
compiling PWM.c...
compiling USART.c...
compiling mpu6050.c...
compiling mpuiic.c...
linking...
Program Size: Code=32960 RO-data=3796 RW-data=112 ZI-data=1888  
FromELF: creating hex file...
".\output\工程模板.axf" - 0 Error(s), 2 Warning(s).
Build target 'Target'
compiling main.c...
user\main.c(16): warning:  #177-D: variable "roll" was declared but never referenced
user\main.c:    float pitch=0,roll=0,yaw=0;             //欧拉角
user\main.c:                  ^
user\main.c(16): warning:  #177-D: variable "yaw" was declared but never referenced
user\main.c:    float pitch=0,roll=0,yaw=0;             //欧拉角
user\main.c:                         ^
user\main.c: user\main.c: 2 warnings, 0 errors
compiling stm32f10x_it.c...
compiling public.c...
compiling core_cm3.c...
compiling system_stm32f10x.c...
assembling startup_stm32f10x_md.s...
compiling stm32f10x_gpio.c...
compiling stm32f10x_rcc.c...
compiling stm32f10x_exti.c...
compiling misc.c...
compiling stm32f10x_tim.c...
compiling stm32f10x_usart.c...
compiling inv_mpu.c...
compiling inv_mpu_dmp_motion_driver.c...
compiling LED.c...
compiling systick.c...
compiling exti.c...
compiling timer3.c...
compiling PWM.c...
compiling USART.c...
compiling mpu6050.c...
compiling mpuiic.c...
linking...
Program Size: Code=12196 RO-data=268 RW-data=44 ZI-data=1636  
FromELF: creating hex file...
".\output\工程模板.axf" - 0 Error(s), 2 Warning(s).
Build target 'Target'
compiling main.c...
user\main.c(16): warning:  #177-D: variable "roll" was declared but never referenced
user\main.c:    float pitch=0,roll=0,yaw=0;             //欧拉角
user\main.c:                  ^
user\main.c(16): warning:  #177-D: variable "yaw" was declared but never referenced
user\main.c:    float pitch=0,roll=0,yaw=0;             //欧拉角
user\main.c:                         ^
user\main.c: user\main.c: 2 warnings, 0 errors
compiling stm32f10x_it.c...
compiling public.c...
compiling core_cm3.c...
Project build/rebuild aborted.
Target not created
Build target 'Target'
compiling main.c...
compiling stm32f10x_it.c...
compiling public.c...
compiling core_cm3.c...
compiling system_stm32f10x.c...
assembling startup_stm32f10x_md.s...
compiling stm32f10x_gpio.c...
compiling stm32f10x_rcc.c...
compiling stm32f10x_exti.c...
compiling misc.c...
compiling stm32f10x_tim.c...
compiling stm32f10x_usart.c...
compiling inv_mpu.c...
compiling inv_mpu_dmp_motion_driver.c...
compiling LED.c...
compiling systick.c...
compiling exti.c...
compiling timer3.c...
compiling PWM.c...
compiling USART.c...
compiling mpu6050.c...
compiling mpuiic.c...
linking...
Program Size: Code=32980 RO-data=3800 RW-data=112 ZI-data=1888  
FromELF: creating hex file...
".\output\工程模板.axf" - 0 Error(s), 0 Warning(s).
Build target 'Target'
compiling main.c...
user\main.c(16): warning:  #177-D: variable "roll" was declared but never referenced
user\main.c:    float pitch=0,roll=0,yaw=0;             //欧拉角
user\main.c:                  ^
user\main.c(16): warning:  #177-D: variable "yaw" was declared but never referenced
user\main.c:    float pitch=0,roll=0,yaw=0;             //欧拉角
user\main.c:                         ^
user\main.c: user\main.c: 2 warnings, 0 errors
compiling stm32f10x_it.c...
compiling public.c...
compiling core_cm3.c...
compiling system_stm32f10x.c...
assembling startup_stm32f10x_md.s...
compiling stm32f10x_gpio.c...
compiling stm32f10x_rcc.c...
compiling stm32f10x_exti.c...
compiling misc.c...
compiling stm32f10x_tim.c...
compiling stm32f10x_usart.c...
compiling inv_mpu.c...
compiling inv_mpu_dmp_motion_driver.c...
compiling LED.c...
compiling systick.c...
compiling exti.c...
compiling timer3.c...
compiling PWM.c...
compiling USART.c...
compiling mpu6050.c...
compiling mpuiic.c...
linking...
Program Size: Code=12212 RO-data=268 RW-data=44 ZI-data=1636  
FromELF: creating hex file...
".\output\工程模板.axf" - 0 Error(s), 2 Warning(s).
Build target 'Target'
compiling main.c...
compiling stm32f10x_it.c...
compiling public.c...
compiling core_cm3.c...
compiling system_stm32f10x.c...
assembling startup_stm32f10x_md.s...
compiling stm32f10x_gpio.c...
compiling stm32f10x_rcc.c...
compiling stm32f10x_exti.c...
compiling misc.c...
compiling stm32f10x_tim.c...
compiling stm32f10x_usart.c...
compiling inv_mpu.c...
compiling inv_mpu_dmp_motion_driver.c...
compiling LED.c...
compiling systick.c...
compiling exti.c...
compiling timer3.c...
compiling PWM.c...
compiling USART.c...
compiling mpu6050.c...
compiling mpuiic.c...
linking...
Program Size: Code=32988 RO-data=3800 RW-data=112 ZI-data=1888  
FromELF: creating hex file...
".\output\工程模板.axf" - 0 Error(s), 0 Warning(s).
Build target 'Target'
compiling main.c...
compiling stm32f10x_it.c...
compiling public.c...
compiling core_cm3.c...
compiling system_stm32f10x.c...
assembling startup_stm32f10x_md.s...
compiling stm32f10x_gpio.c...
compiling stm32f10x_rcc.c...
compiling stm32f10x_exti.c...
compiling misc.c...
compiling stm32f10x_tim.c...
compiling stm32f10x_usart.c...
compiling inv_mpu.c...
compiling inv_mpu_dmp_motion_driver.c...
compiling LED.c...
compiling systick.c...
compiling exti.c...
compiling timer3.c...
compiling PWM.c...
compiling USART.c...
compiling mpu6050.c...
compiling mpuiic.c...
linking...
Program Size: Code=32980 RO-data=3800 RW-data=112 ZI-data=1888  
FromELF: creating hex file...
".\output\工程模板.axf" - 0 Error(s), 0 Warning(s).
Load "E:\\学习\\四轴\\四轴编程\\20171022四轴程序-MPU+I2C+串口+LED闪烁+PWM-\\output\\工程模板.AXF" 

Error: Cannot load driver 'D:\Program Files (x86)\keilv412\ARM\STLink\ST-LINKIII-KEIL_SWO.dll'.

Possible Reasons:
 - Driver DLL could not be found in the specified path
 - Driver DLL requires additional DLL's which are not installed
 - Required Hardware Drivers are not installed
Build target 'Target'
compiling main.c...
compiling stm32f10x_it.c...
compiling public.c...
compiling core_cm3.c...
compiling system_stm32f10x.c...
assembling startup_stm32f10x_md.s...
compiling stm32f10x_gpio.c...
compiling stm32f10x_rcc.c...
compiling stm32f10x_exti.c...
compiling misc.c...
compiling stm32f10x_tim.c...
compiling stm32f10x_usart.c...
compiling inv_mpu.c...
compiling inv_mpu_dmp_motion_driver.c...
compiling LED.c...
compiling systick.c...
compiling exti.c...
compiling timer3.c...
compiling PWM.c...
compiling USART.c...
compiling mpu6050.c...
compiling mpuiic.c...
linking...
Program Size: Code=32992 RO-data=3796 RW-data=112 ZI-data=8032  
FromELF: creating hex file...
".\output\工程模板.axf" - 0 Error(s), 0 Warning(s).
Build target 'Target'
compiling main.c...
compiling stm32f10x_it.c...
compiling public.c...
compiling core_cm3.c...
compiling system_stm32f10x.c...
assembling startup_stm32f10x_md.s...
compiling stm32f10x_gpio.c...
compiling stm32f10x_rcc.c...
compiling stm32f10x_exti.c...
compiling misc.c...
compiling stm32f10x_tim.c...
compiling stm32f10x_usart.c...
compiling inv_mpu.c...
compiling inv_mpu_dmp_motion_driver.c...
compiling LED.c...
compiling systick.c...
compiling exti.c...
compiling timer3.c...
compiling PWM.c...
compiling USART.c...
compiling mpu6050.c...
compiling mpuiic.c...
linking...
Program Size: Code=32992 RO-data=3796 RW-data=112 ZI-data=5984  
FromELF: creating hex file...
".\output\工程模板.axf" - 0 Error(s), 0 Warning(s).
Load "E:\\学习\\四轴\\四轴编程\\20171022四轴程序-MPU+I2C+串口+LED闪烁+PWM-\\output\\工程模板.AXF" 

Error: Cannot load driver 'D:\Program Files (x86)\keilv412\ARM\STLink\ST-LINKIII-KEIL_SWO.dll'.

Possible Reasons:
 - Driver DLL could not be found in the specified path
 - Driver DLL requires additional DLL's which are not installed
 - Required Hardware Drivers are not installed
Build target 'Target'
compiling main.c...
compiling stm32f10x_it.c...
compiling public.c...
compiling core_cm3.c...
compiling system_stm32f10x.c...
assembling startup_stm32f10x_md.s...
compiling stm32f10x_gpio.c...
compiling stm32f10x_rcc.c...
compiling stm32f10x_exti.c...
compiling misc.c...
compiling stm32f10x_tim.c...
compiling stm32f10x_usart.c...
compiling inv_mpu.c...
compiling inv_mpu_dmp_motion_driver.c...
compiling LED.c...
compiling systick.c...
compiling exti.c...
compiling timer3.c...
compiling PWM.c...
compiling USART.c...
compiling mpu6050.c...
compiling mpuiic.c...
linking...
Program Size: Code=32992 RO-data=3796 RW-data=112 ZI-data=1888  
FromELF: creating hex file...
".\output\工程模板.axf" - 0 Error(s), 0 Warning(s).
Build target 'Target'
compiling main.c...
user\main.c(16): warning:  #177-D: variable "roll" was declared but never referenced
user\main.c:    float pitch=0,roll=0,yaw=0;             //欧拉角
user\main.c:                  ^
user\main.c(16): warning:  #177-D: variable "yaw" was declared but never referenced
user\main.c:    float pitch=0,roll=0,yaw=0;             //欧拉角
user\main.c:                         ^
user\main.c: user\main.c: 2 warnings, 0 errors
compiling stm32f10x_it.c...
compiling public.c...
compiling core_cm3.c...
compiling system_stm32f10x.c...
assembling startup_stm32f10x_md.s...
compiling stm32f10x_gpio.c...
compiling stm32f10x_rcc.c...
compiling stm32f10x_exti.c...
compiling misc.c...
compiling stm32f10x_tim.c...
compiling stm32f10x_usart.c...
compiling inv_mpu.c...
compiling inv_mpu_dmp_motion_driver.c...
compiling LED.c...
compiling systick.c...
compiling exti.c...
compiling timer3.c...
compiling PWM.c...
compiling USART.c...
compiling mpu6050.c...
compiling mpuiic.c...
linking...
Program Size: Code=32980 RO-data=3800 RW-data=112 ZI-data=1888  
FromELF: creating hex file...
".\output\工程模板.axf" - 0 Error(s), 2 Warning(s).
Build target 'Target'
compiling main.c...
user\main.c(16): warning:  #177-D: variable "roll" was declared but never referenced
user\main.c:    float pitch=0,roll=0,yaw=0;             //欧拉角
user\main.c:                  ^
user\main.c(16): warning:  #177-D: variable "yaw" was declared but never referenced
user\main.c:    float pitch=0,roll=0,yaw=0;             //欧拉角
user\main.c:                         ^
user\main.c: user\main.c: 2 warnings, 0 errors
compiling stm32f10x_it.c...
compiling public.c...
compiling core_cm3.c...
compiling system_stm32f10x.c...
assembling startup_stm32f10x_md.s...
compiling stm32f10x_gpio.c...
compiling stm32f10x_rcc.c...
compiling stm32f10x_exti.c...
compiling misc.c...
compiling stm32f10x_tim.c...
compiling stm32f10x_usart.c...
compiling inv_mpu.c...
compiling inv_mpu_dmp_motion_driver.c...
compiling LED.c...
compiling systick.c...
compiling exti.c...
compiling timer3.c...
compiling PWM.c...
compiling USART.c...
compiling mpu6050.c...
compiling mpuiic.c...
linking...
Program Size: Code=8704 RO-data=268 RW-data=44 ZI-data=1636  
FromELF: creating hex file...
".\output\工程模板.axf" - 0 Error(s), 2 Warning(s).
Build target 'Target'
compiling main.c...
user\main.c(16): warning:  #177-D: variable "roll" was declared but never referenced
user\main.c:    float pitch=0,roll=0,yaw=0;             //欧拉角
user\main.c:                  ^
user\main.c(16): warning:  #177-D: variable "yaw" was declared but never referenced
user\main.c:    float pitch=0,roll=0,yaw=0;             //欧拉角
user\main.c:                         ^
user\main.c: user\main.c: 2 warnings, 0 errors
compiling stm32f10x_it.c...
compiling public.c...
compiling core_cm3.c...
compiling system_stm32f10x.c...
assembling startup_stm32f10x_md.s...
compiling stm32f10x_gpio.c...
compiling stm32f10x_rcc.c...
Project build/rebuild aborted.
Target not created
Build target 'Target'
compiling main.c...
compiling stm32f10x_it.c...
compiling public.c...
compiling core_cm3.c...
compiling system_stm32f10x.c...
assembling startup_stm32f10x_md.s...
compiling stm32f10x_gpio.c...
compiling stm32f10x_rcc.c...
compiling stm32f10x_exti.c...
compiling misc.c...
compiling stm32f10x_tim.c...
compiling stm32f10x_usart.c...
compiling inv_mpu.c...
Libraries\MPU6050_Lib\inv_mpu.c(728): warning:  #223-D: function "log_i" declared implicitly
Libraries\MPU6050_Lib\inv_mpu.c:           log_i("%#5x: %#5x\r\n", ii, data);
Libraries\MPU6050_Lib\inv_mpu.c:           ^
Libraries\MPU6050_Lib\inv_mpu.c(791): warning:  #223-D: function "log_e" declared implicitly
Libraries\MPU6050_Lib\inv_mpu.c:               log_e("Unsupported software product rev %d.\n", rev);
Libraries\MPU6050_Lib\inv_mpu.c:               ^
Libraries\MPU6050_Lib\inv_mpu.c(799): warning:  #223-D: function "log_e" declared implicitly
Libraries\MPU6050_Lib\inv_mpu.c:               log_e("Product ID read as 0 indicates device is either "
Libraries\MPU6050_Lib\inv_mpu.c:               ^
Libraries\MPU6050_Lib\inv_mpu.c(803): warning:  #223-D: function "log_i" declared implicitly
Libraries\MPU6050_Lib\inv_mpu.c:               log_i("Half sensitivity part found.\n");
Libraries\MPU6050_Lib\inv_mpu.c:               ^
Libraries\MPU6050_Lib\inv_mpu.c: Libraries\MPU6050_Lib\inv_mpu.c: 4 warnings, 0 errors
compiling inv_mpu_dmp_motion_driver.c...
compiling LED.c...
compiling systick.c...
compiling exti.c...
compiling timer3.c...
compiling PWM.c...
compiling USART.c...
compiling mpu6050.c...
compiling mpuiic.c...
linking...
.\output\工程模板.axf: Error: L6218E: Undefined symbol log_e (referred from inv_mpu.o).
.\output\工程模板.axf: Error: L6218E: Undefined symbol log_i (referred from inv_mpu.o).
.\output\工程模板.axf: Not enough information to list image symbols.
.\output\工程模板.axf: Finished: 1 information, 0 warning and 2 error messages.
Target not created
Build target 'Target'
compiling main.c...
compiling stm32f10x_it.c...
compiling public.c...
compiling core_cm3.c...
compiling system_stm32f10x.c...
assembling startup_stm32f10x_md.s...
compiling stm32f10x_gpio.c...
compiling stm32f10x_rcc.c...
compiling stm32f10x_exti.c...
compiling misc.c...
compiling stm32f10x_tim.c...
compiling stm32f10x_usart.c...
compiling inv_mpu.c...
Libraries\MPU6050_Lib\inv_mpu.c(800): warning:  #174-D: expression has no effect
Libraries\MPU6050_Lib\inv_mpu.c:                   "incompatible or an MPU3050.\n");
Libraries\MPU6050_Lib\inv_mpu.c:                   ^
Libraries\MPU6050_Lib\inv_mpu.c(800): error:  #65: expected a ";"
Libraries\MPU6050_Lib\inv_mpu.c:                   "incompatible or an MPU3050.\n");
Libraries\MPU6050_Lib\inv_mpu.c:                                                  ^
Libraries\MPU6050_Lib\inv_mpu.c: Libraries\MPU6050_Lib\inv_mpu.c: 1 warning, 1 error
compiling inv_mpu_dmp_motion_driver.c...
compiling LED.c...
compiling systick.c...
compiling exti.c...
compiling timer3.c...
compiling PWM.c...
compiling USART.c...
compiling mpu6050.c...
compiling mpuiic.c...
Target not created
Build target 'Target'
compiling main.c...
compiling stm32f10x_it.c...
compiling public.c...
compiling core_cm3.c...
compiling system_stm32f10x.c...
assembling startup_stm32f10x_md.s...
compiling stm32f10x_gpio.c...
compiling stm32f10x_rcc.c...
compiling stm32f10x_exti.c...
compiling misc.c...
compiling stm32f10x_tim.c...
compiling stm32f10x_usart.c...
compiling inv_mpu.c...
compiling inv_mpu_dmp_motion_driver.c...
compiling LED.c...
compiling systick.c...
compiling exti.c...
compiling timer3.c...
compiling PWM.c...
compiling USART.c...
compiling mpu6050.c...
compiling mpuiic.c...
linking...
Program Size: Code=29384 RO-data=3656 RW-data=100 ZI-data=1652  
FromELF: creating hex file...
".\output\工程模板.axf" - 0 Error(s), 0 Warning(s).
Load "E:\\学习\\四轴\\四轴编程\\20171022四轴程序-MPU+I2C+串口+LED闪烁+PWM-\\output\\工程模板.AXF" 

Error: Cannot load driver 'D:\Program Files (x86)\keilv412\ARM\STLink\ST-LINKIII-KEIL_SWO.dll'.

Possible Reasons:
 - Driver DLL could not be found in the specified path
 - Driver DLL requires additional DLL's which are not installed
 - Required Hardware Drivers are not installed
