<html>
<body>
<pre>
<h1>礦ision Build Log</h1>
<h2>Project:</h2>
E:\学习\四轴\20171022四轴程序-MPU+I2C+串口+LED闪烁+PWM-PID\四轴fly.uvprojx
Project File Date:  04/23/2018

<h2>Output:</h2>
Rebuild target 'Target'
compiling main.c...
compiling stm32f10x_it.c...
compiling public.c...
compiling core_cm3.c...
compiling system_stm32f10x.c...
assembling startup_stm32f10x_md.s...
compiling stm32f10x_gpio.c...
compiling stm32f10x_rcc.c...
compiling stm32f10x_exti.c...
compiling misc.c...
compiling stm32f10x_tim.c...
compiling stm32f10x_usart.c...
compiling inv_mpu.c...
compiling inv_mpu_dmp_motion_driver.c...
compiling stm32f10x_adc.c...
compiling LED.c...
compiling systick.c...
compiling exti.c...
compiling timer3.c...
compiling PWM.c...
compiling USART.c...
compiling mpu6050.c...
compiling mpuiic.c...
compiling motorc.c...
compiling adc.c...
linking...
Program Size: Code=13960 RO-data=592 RW-data=96 ZI-data=1856  
FromELF: creating hex file...
".\output\sizhou.axf" - 0 Error(s), 0 Warning(s).

<h2>Software Packages used:</h2>

Package Vendor: ARM
                http://www.keil.com/pack/ARM.CMSIS.4.1.0.pack
                ARM::CMSIS:CORE:3.30.0
                CMSIS (Cortex Microcontroller Software Interface Standard)
   * Component: CORE Version: 3.30.0

<h2>Collection of Component include folders:</h2>
  E:\学习\四轴\20171022四轴程序-MPU+I2C+串口+LED闪烁+PWM-PID\RTE
  D:\Program Files (x86)\keil511\ARM\PACK\ARM\CMSIS\4.1.0\CMSIS\Include
  D:\Program Files (x86)\keil511\ARM\PACK\Keil\STM32F1xx_DFP\2.1.0

<h2>Collection of Component Files used:</h2>

   * Component: ARM::CMSIS:CORE:3.30.0
      Source file:   CMSIS\UserCodeTemplates\ARM\ITM_Retarget.c
</pre>
</body>
</html>
>

   * Component: ARM::CMSIS:CORE:3.30.0
      Source file:   CMSIS\UserCodeTemplates\ARM\ITM_Retarget.c
erCodeTemplates\ARM\ITM_Retarget.c
Target not created
piling stm32f10x_it.c...
compiling public.c...
compiling core_cm3.c...
compiling system_stm32f10x.c...
assembling startup_stm32f10x_md.s...
compiling stm32f10x_gpio.c...
compiling stm32f10x_rcc.c...
compiling stm32f10x_exti.c...
compiling misc.c...
compiling stm32f10x_tim.c...
compiling stm32f10x_usart.c...
compiling inv_mpu.c...
compiling inv_mpu_dmp_motion_driver.c...
compiling stm32f10x_adc.c...
compiling LED.c...
compiling systick.c...
compiling exti.c...
compiling timer3.c...
compiling PWM.c...
compiling USART.c...
compiling mpu6050.c...
compiling mpuiic.c...
compiling motorc.c...
compiling adc.c...
APP\adc.h(6): error:  #7: unrecognized token
  double adc_bat(u8 adc_times,u8 int_time)；
APP\adc.h(6): error:  #130: expected a "{"
  double adc_bat(u8 adc_times,u8 int_time)；
APP\adc.c(4): warning:  #12-D: parsing restarts here after previous syntax error
  {
APP\adc.c(38): warning:  #940-D: missing return statement at end of non-void function "adc_bat"
  }
APP\adc.c(40): error:  #247: function "adc_bat" has already been defined
  double adc_bat(u8 adc_times,u8 int_time)
APP\adc.c: 2 warnings, 3 errors
".\output\sizhou.axf" - 7 Error(s), 11 Warning(s).

<h2>Software Packages used:</h2>

Package Vendor: ARM
                http://www.keil.com/pack/ARM.CMSIS.4.1.0.pack
                ARM::CMSIS:CORE:3.30.0
                CMSIS (Cortex Microcontroller Software Interface Standard)
   * Component: CORE Version: 3.30.0

<h2>Collection of Component include folders:</h2>
  E:\学习\四轴\20171022四轴程序-MPU+I2C+串口+LED闪烁+PWM-PID\RTE
  D:\Program Files (x86)\keil511\ARM\PACK\ARM\CMSIS\4.1.0\CMSIS\Include
  D:\Program Files (x86)\keil511\ARM\PACK\Keil\STM32F1xx_DFP\2.1.0

<h2>Collection of Component Files used:</h2>

   * Component: ARM::CMSIS:CORE:3.30.0
      Source file:   CMSIS\UserCodeTemplates\ARM\ITM_Retarget.c
Target not created
